py : INFO ESPHome 2025.12.7
In Zeile:1 Zeichen:1
+ py -3.13 -m esphome compile esp_wohnraumlueftung.yaml 2>&1 | Out-File ...
+ ~~~~~~~~~~~~~~~~~~~~~~~~~~~~~~~~~~~~~~~~~~~~~~~~~~~~~~~~~~
    + CategoryInfo          : NotSpecified: (INFO ESPHome 2025.12.7:String) [], RemoteException
    + FullyQualifiedErrorId : NativeCommandError
 
INFO Reading configuration esp_wohnraumlueftung.yaml...
INFO Detected timezone 'Europe/Berlin'
INFO Generating C++ source...
INFO Compiling app... Build path: C:\Users\thomas.engeroff\Documents\ESPHome-Projekte\ESPHome-Wohn
raumlueftung\.esphome\build\esptest
Processing esptest (board: esp32-c6-devkitc-1; framework: espidf; platform: https://github.com/pioarduino/platform-espressif32/releases/download/55.03.31-2/platform-espressif32.zip)

--------------------------------------------------------------------------------

HARDWARE: ESP32C6 160MHz, 320KB RAM, 4MB Flash

 - contrib-piohome @ 3.4.4 

 - framework-espidf @ 3.50501.0 (5.5.1) 

 - tool-cmake @ 4.0.3 

 - tool-esp-rom-elfs @ 2024.10.11 

 - tool-esptoolpy @ 5.1.0 

 - tool-mklittlefs @ 3.2.0 

 - tool-ninja @ 1.13.1 

 - tool-scons @ 4.40801.0 (4.8.1) 

 - toolchain-riscv32-esp @ 14.2.0+20241119

Reading CMake configuration...

Dependency Graph

|-- noise-c @ 0.1.10

|-- ArduinoJson @ 7.4.2

|-- BME68x Sensor library @ 1.3.40408+sha.4f37df6

|-- bsec2 @ 1.10.2610+sha.0dac6ea

Compiling .pioenvs\esptest\src\main.cpp.o

In file included from src/esphome/components/pulse_counter/pulse_counter_sensor.h:10,

                 from src/esphome\components\pulse_counter\automation.h:5,

                 from src/esphome.h:90,

                 from src/main.cpp:3:

C:/Users/thomas.engeroff/.platformio/packages/framework-espidf/components/driver/deprecated/driver
/pcnt.h:15:2: warning: #warning "legacy pcnt driver is deprecated, please migrate to use 
driver/pulse_cnt.h" [-Wcpp]

   15 | #warning "legacy pcnt driver is deprecated, please migrate to use driver/pulse_cnt.h"

      |  ^~~~~~~
In file included from src/main.cpp:243:

src/automation_helpers.h:31:8: error: missing template argument list after 
'esphome::script::Script'; for deduction, template placeholder must be followed by a simple 
declarator-id

   31 | extern esphome::script::Script *update_leds;

      |        ^~~~~~~
      |               <>

In file included from src/esphome.h:97:

src/esphome\components\script\script.h:35:32: note: 'template<class ... Ts> class 
esphome::script::Script' declared here

   35 | template<typename... Ts> class Script : public ScriptLogger, public Trigger<Ts...> {

      |                                ^~~~~~
src/automation_helpers.h:32:8: error: missing template argument list after 
'esphome::script::Script'; for deduction, template placeholder must be followed by a simple 
declarator-id

   32 | extern esphome::script::Script *fan_speed_update;

      |        ^~~~~~~
      |               <>

src/esphome\components\script\script.h:35:32: note: 'template<class ... Ts> class 
esphome::script::Script' declared here

   35 | template<typename... Ts> class Script : public ScriptLogger, public Trigger<Ts...> {

      |                                ^~~~~~
src/automation_helpers.h:33:8: error: missing template argument list after 
'esphome::script::Script'; for deduction, template placeholder must be followed by a simple 
declarator-id

   33 | extern esphome::script::Script *set_fan_speed_and_direction;

      |        ^~~~~~~
      |               <>

src/esphome\components\script\script.h:35:32: note: 'template<class ... Ts> class 
esphome::script::Script' declared here

   35 | template<typename... Ts> class Script : public ScriptLogger, public Trigger<Ts...> {

      |                                ^~~~~~
src/automation_helpers.h:35:27: error: conflicting declaration 'esphome::fan::Fan* lueftung_fan'

   35 | extern esphome::fan::Fan *lueftung_fan;

      |                           ^~~~~~~~~~~~
src/main.cpp:146:18: note: previous declaration as 'esphome::speed::SpeedFan* lueftung_fan'

  146 | speed::SpeedFan *lueftung_fan;

      |                  ^~~~~~~~~~~~
src/automation_helpers.h:36:38: error: conflicting declaration 'esphome::output::FloatOutput* 
fan_pwm_primary'

   36 | extern esphome::output::FloatOutput *fan_pwm_primary;

      |                                      ^~~~~~~~~~~~~~~
src/main.cpp:125:19: note: previous declaration as 'esphome::ledc::LEDCOutput* fan_pwm_primary'

  125 | ledc::LEDCOutput *fan_pwm_primary;

      |                   ^~~~~~~~~~~~~~~
src/automation_helpers.h:37:38: error: conflicting declaration 'esphome::output::FloatOutput* 
fan_pwm_secondary'

   37 | extern esphome::output::FloatOutput *fan_pwm_secondary;

      |                                      ^~~~~~~~~~~~~~~~~
src/main.cpp:127:19: note: previous declaration as 'esphome::ledc::LEDCOutput* fan_pwm_secondary'

  127 | ledc::LEDCOutput *fan_pwm_secondary;

      |                   ^~~~~~~~~~~~~~~~~
src/automation_helpers.h: In function 'void handle_espnow_receive(std::vector<unsigned char>)':

src/automation_helpers.h:248:28: warning: 'esphome::select::Select::state' is deprecated: Use 
current_option() instead of .state. Will be removed in 2026.5.0 [-Wdeprecated-declarations]

  248 |         if (selected_mode->state != mode_str) {

      |                            ^~~~~
In file included from src/esphome/core/application.h:72,

                 from src/esphome\components\api\api_frame_helper.h:13,

                 from src/esphome\components\api\api_connection.h:5,

                 from src/esphome.h:4:

src/esphome/components/select/select.h:38:15: note: declared here

   38 |   std::string state{};

      |               ^~~~~
src/automation_helpers.h:248:28: warning: 'esphome::select::Select::state' is deprecated: Use 
current_option() instead of .state. Will be removed in 2026.5.0 [-Wdeprecated-declarations]

  248 |         if (selected_mode->state != mode_str) {

      |                            ^~~~~
src/esphome/components/select/select.h:38:15: note: declared here

   38 |   std::string state{};

      |               ^~~~~
src/automation_helpers.h:248:28: warning: 'esphome::select::Select::state' is deprecated: Use 
current_option() instead of .state. Will be removed in 2026.5.0 [-Wdeprecated-declarations]

  248 |         if (selected_mode->state != mode_str) {

      |                            ^~~~~
src/esphome/components/select/select.h:38:15: note: declared here

   38 |   std::string state{};

      |               ^~~~~
esp_wohnraumlueftung.yaml: In lambda function:

esp_wohnraumlueftung.yaml:683:43: warning: 'esphome::select::Select::state' is deprecated: Use 
current_option() instead of .state. Will be removed in 2026.5.0 [-Wdeprecated-declarations]

src/esphome/components/select/select.h:38:15: note: declared here

   38 |   std::string state{};

      |               ^~~~~
esp_wohnraumlueftung.yaml:683:43: warning: 'esphome::select::Select::state' is deprecated: Use 
current_option() instead of .state. Will be removed in 2026.5.0 [-Wdeprecated-declarations]

src/esphome/components/select/select.h:38:15: note: declared here

   38 |   std::string state{};

      |               ^~~~~
esp_wohnraumlueftung.yaml:683:43: warning: 'esphome::select::Select::state' is deprecated: Use 
current_option() instead of .state. Will be removed in 2026.5.0 [-Wdeprecated-declarations]

src/esphome/components/select/select.h:38:15: note: declared here

   38 |   std::string state{};

      |               ^~~~~
*** [.pioenvs\esptest\src\main.cpp.o] Error 1

========================= [FAILED] Took 32.99 seconds =========================

